Total tokens: 25
Main declared: no
All brackets match: yes
