Error: unrecognized character: ?
Total tokens: 14
Main declared: no
All brackets match: yes
