Genuine Liger: yes
Function fun:
   Arity: 1
   Defined: yes
   Calls: 0
