(decls
   (decl-var:ok (id x) (type-int) (num:int 4))
   (decl-var:ok (id b) (type-bool))
   (decl-fun:NONE (id f) (type-fun (params (typed-id (id y) (type-int))) (type-bool))
      (decls)
      (stmts
         (return:ok (==:bool (id:int x) (id:int y)))
         (return:ok (!=:bool (id:int x) (id:int y)))
         (return:ok (==:bool (id:bool b) (true:bool)))
         (return:ok (!=:bool (id:bool b) (false:bool)))
         (return:NONE (==:NONE (id:int x) (id:bool b)))
         (return:NONE (!=:NONE (id:int x) (id:bool b)))
         (return:ok (==:bool (array-lit:[int] (exps (num:int 1) (num:int 2) (num:int 3))) (array-lit:[int] (exps (num:int 1) (num:int 2) (num:int 3)))))
         (return:ok (!=:bool (array-lit:[int] (exps (num:int 1) (num:int 2) (num:int 3))) (array-lit:[int] (exps (num:int 1) (num:int 2) (num:int 3)))))
         (return:ok (==:bool (array-lit:[int] (exps (num:int 1) (num:int 2) (num:int 3))) (nil:nil)))
         (return:ok (!=:bool (array-lit:[int] (exps (num:int 1) (num:int 2) (num:int 3))) (nil:nil)))
         (return:NONE (>:NONE (array-lit:[int] (exps (num:int 1) (num:int 2) (num:int 3))) (nil:nil)))
         (return:NONE (>=:NONE (array-lit:[int] (exps (num:int 1) (num:int 2) (num:int 3))) (nil:nil)))
         (return:NONE (<:NONE (array-lit:[int] (exps (num:int 1) (num:int 2) (num:int 3))) (nil:nil)))
         (return:NONE (<=:NONE (array-lit:[int] (exps (num:int 1) (num:int 2) (num:int 3))) (nil:nil)))
         (return:NONE (>:NONE (nil:nil) (nil:nil)))
         (return:NONE (>=:NONE (nil:nil) (nil:nil)))
         (return:NONE (<:NONE (nil:nil) (nil:nil)))
         (return:NONE (<=:NONE (nil:nil) (nil:nil)))
         (return:ok (==:bool (struct-lit:{a : nil} (field-inits (field-init (id a) (nil:nil)))) (struct-lit:{a : nil} (field-inits (field-init (id a) (nil:nil))))))
         (return:ok (!=:bool (struct-lit:{a : nil} (field-inits (field-init (id a) (nil:nil)))) (struct-lit:{a : nil} (field-inits (field-init (id a) (nil:nil))))))
         (return:ok (==:bool (struct-lit:{a : nil} (field-inits (field-init (id a) (nil:nil)))) (nil:nil)))
         (return:ok (!=:bool (struct-lit:{a : nil} (field-inits (field-init (id a) (nil:nil)))) (nil:nil)))
         (return:ok (==:bool (array-lit:[int] (exps (num:int 1) (num:int 2) (num:int 3))) (struct-lit:{a : nil} (field-inits (field-init (id a) (nil:nil))))))
         (return:ok (!=:bool (array-lit:[int] (exps (num:int 1) (num:int 2) (num:int 3))) (struct-lit:{a : nil} (field-inits (field-init (id a) (nil:nil))))))
         (return:ok (==:bool (nil:nil) (nil:nil)))
         (return:ok (!=:bool (nil:nil) (nil:nil)))
         (return:NONE (==:NONE (array-lit:[int] (exps (num:int 1) (num:int 2) (num:int 3))) (id:int x)))
         (return:NONE (!=:NONE (array-lit:[int] (exps (num:int 1) (num:int 2) (num:int 3))) (id:int x)))
         (return:NONE (==:NONE (array-lit:[int] (exps (num:int 1) (num:int 2) (num:int 3))) (id:bool b)))
         (return:NONE (!=:NONE (array-lit:[int] (exps (num:int 1) (num:int 2) (num:int 3))) (id:bool b))))))
Function main() not defined or has wrong type!
Typechecking failed!
