(decls
   (decl-fun:NONE (id main) (type-fun (params (typed-id (id args) (type-array (type-array (type-int))))) (type-int))
      (decls
         (decl-var:ok (id i) (type-int))
         (decl-var:ok (id b) (type-bool)))
      (stmts
         (if:NONE (id:int i)
            (stmts)
            (stmts))
         (if:ok (id:bool b)
            (stmts)
            (stmts))
         (if:NONE (id:int i)
            (stmts)
            (stmts))
         (if:ok (id:bool b)
            (stmts)
            (stmts))
         (while:NONE (id:int i)
            (stmts))
         (while:ok (id:bool b)
            (stmts))
         (for:NONE (id:int i) (id:bool b) (id:int i)
            (stmts))
         (for:NONE (id:int i) (id:int i) (id:bool b)
            (stmts))
         (for:ok (id:int i) (id:int i) (id:int i)
            (stmts))
         (return:NONE)
         (return:NONE (id:bool b))
         (return:ok (id:int i)))))
Typechecking failed!
