Total tokens: 18
Main declared: no
All brackets match: no
