Total tokens: 171
Main declared: yes
All brackets match: yes
