Total tokens: 70
Main declared: yes
All brackets match: yes
