Genuine Liger: yes
Function fib:
   Arity: 1
   Defined: yes
   Calls: 2
