Genuine Liger: yes
Function f:
   Arity: 0
   Defined: yes
   Calls: 11
