Genuine Liger: yes
Function main:
   Arity: 1
   Defined: yes
   Calls: 0
